// Jest Snapshot v1, https://goo.gl/fbAQLP

exports[`渲染 TabPanelWrapper 1`] = `
<div
  className="sc-bdVaJa UGpYE"
/>
`;
