// Jest Snapshot v1, https://goo.gl/fbAQLP

exports[`正确渲染InkBar 1`] = `
.c0 {
  position: absolute;
  bottom: 0;
  left: 0;
  -webkit-transition: -webkit-transform 300ms cubic-bezier(0.4,0.0,0.2,1) 0ms,width 300ms cubic-bezier(0.4,0.0,0.2,1) 0ms;
  -webkit-transition: transform 300ms cubic-bezier(0.4,0.0,0.2,1) 0ms,width 300ms cubic-bezier(0.4,0.0,0.2,1) 0ms;
  transition: transform 300ms cubic-bezier(0.4,0.0,0.2,1) 0ms,width 300ms cubic-bezier(0.4,0.0,0.2,1) 0ms;
  height: 2px;
  background-color: #3f51b5;
}

<div
  className="c0 sinoui-ink-bar"
/>
`;
